###############################################################################
#
# IAR ELF Linker V9.32.2.340/W64 for ARM                  30/Jun/2023  00:40:03
# Copyright 2007-2023 IAR Systems AB.
#
#    Output file  =
#        C:\Users\Lenovo\Desktop\HEILBRONN\TECHNISCHE
#        INFORMATIK\JOC!!!!!!!!!\Debug\Exe\main.out
#    Map file     =
#        C:\Users\Lenovo\Desktop\HEILBRONN\TECHNISCHE
#        INFORMATIK\JOC!!!!!!!!!\Debug\List\main.map
#    Command line =
#        -f "C:\Users\Lenovo\Desktop\HEILBRONN\TECHNISCHE
#        INFORMATIK\JOC!!!!!!!!!\Debug\Exe\main.out.rsp"
#        ("C:\Users\Lenovo\Desktop\HEILBRONN\TECHNISCHE
#        INFORMATIK\JOC!!!!!!!!!\Debug\Obj\main.o" --no_out_extension -o
#        "C:\Users\Lenovo\Desktop\HEILBRONN\TECHNISCHE
#        INFORMATIK\JOC!!!!!!!!!\Debug\Exe\main.out" --redirect
#        _Printf=_PrintfFullNoMb --redirect _Scanf=_ScanfFullNoMb --map
#        "C:\Users\Lenovo\Desktop\HEILBRONN\TECHNISCHE
#        INFORMATIK\JOC!!!!!!!!!\Debug\List\main.map" --config "C:\Program
#        Files\IAR Systems\Embedded Workbench
#        9.1\arm/config/linker/ST/stm32g431xB.icf" --semihosting --entry
#        __iar_program_start --vfe --text_out locale --cpu=Cortex-M4
#        --fpu=VFPv4_sp)
#
###############################################################################

*******************************************************************************
*** RUNTIME MODEL ATTRIBUTES
***

CppFlavor       = *
__CPP_Runtime   = 1
__SystemLibrary = DLib
__dlib_version  = 6


*******************************************************************************
*** HEAP SELECTION
***

The basic heap was selected because --advanced_heap
was not specified and the application did not appear to
be primarily optimized for speed.


*******************************************************************************
*** PLACEMENT SUMMARY
***

"A0":  place at address 0x800'0000 { ro section .intvec };
"P1":  place in [from 0x800'0000 to 0x801'ffff] { ro };
define block CSTACK with size = 2K, alignment = 8 { };
define block PROC_STACK with size = 0, alignment = 8 { };
define block HEAP with size = 4K, alignment = 8 { };
"P3":  place in [from 0x2000'0000 to 0x2000'3fff] |
                [from 0x2000'4000 to 0x2000'57ff] {
          rw, block CSTACK, block PROC_STACK, block HEAP };
initialize by copy { rw };

No sections matched the following patterns:

  ro section otp_data  in "P4"
  section .textrw      in "P2"


  Section            Kind         Address    Size  Object
  -------            ----         -------    ----  ------
"A0":                                        0x40
  .intvec            ro code   0x800'0000    0x40  vector_table_M.o [4]
                             - 0x800'0040    0x40

"P1":                                      0x2140
  .text              ro code   0x800'0040   0xeae  xprintffull_nomb.o [2]
  .text              ro code   0x800'0eee    0x2a  copy_init3.o [4]
  .text              ro code   0x800'0f18    0x16  strchr.o [4]
  .text              ro code   0x800'0f2e     0x2  vectortrap_M.o [4]
  .text              ro code   0x800'0f30    0x40  xfail_s.o [2]
  .text              ro code   0x800'0f70    0x36  strlen.o [4]
  .text              ro code   0x800'0fa8    0x58  memchr.o [4]
  .text              ro code   0x800'1000    0x76  ABImemcpy_unaligned.o [4]
  .text              ro code   0x800'1078    0x70  frexp.o [3]
  .text              ro code   0x800'10e8    0x34  DblCmpLe.o [3]
  .text              ro code   0x800'111c    0x34  DblCmpGe.o [3]
  .text              ro code   0x800'1150   0x13a  ldexp.o [3]
  .text              ro code   0x800'128c    0x36  DblToS32.o [3]
  .text              ro code   0x800'12c4    0x22  S32ToDbl.o [3]
  .text              ro code   0x800'12e8   0x24e  DblAddSub.o [3]
  .text              ro code   0x800'1538   0x246  DblDiv.o [3]
  .text              ro code   0x800'1780    0x22  DblToU32.o [3]
  .text              ro code   0x800'17a4    0x1c  U32ToDbl.o [3]
  .text              ro code   0x800'17c0   0x1aa  DblMul.o [3]
  .text              ro code   0x800'196c   0x230  I64DivMod.o [4]
  .text              ro code   0x800'1b9c     0x6  abort.o [2]
  .text              ro code   0x800'1ba4     0x2  I64DivZer.o [4]
  .text              ro code   0x800'1ba8    0x14  exit.o [5]
  .text              ro code   0x800'1bbc    0x7c  iarttio.o [5]
  .text              ro code   0x800'1c38     0x8  XShttio.o [2]
  .text              ro code   0x800'1c40   0x210  main.o [1]
  .text              ro code   0x800'1e50     0x4  time_trampoline.o [2]
  .text              ro code   0x800'1e54    0xa4  rand.o [2]
  .text              ro code   0x800'1ef8    0x28  printf.o [2]
  .text              ro code   0x800'1f20    0x14  time64.o [5]
  .text              ro code   0x800'1f34    0x38  zero_init3.o [4]
  .rodata            const     0x800'1f6c    0x30  main.o [1]
  .text              ro code   0x800'1f9c    0x28  data_init.o [4]
  .text              ro code   0x800'1fc4    0x22  fpinit_M.o [3]
  .text              ro code   0x800'1fe6    0x22  iarwrite.o [5]
  .iar.init_table    const     0x800'2008    0x24  - Linker created -
  .text              ro code   0x800'202c    0x20  putchar.o [2]
  .text              ro code   0x800'204c    0x10  write.o [5]
  .text              ro code   0x800'205c    0x1e  dwrite.o [5]
  .text              ro code   0x800'207a    0x20  iarwstd.o [5]
  .text              ro code   0x800'209c    0x1e  cmain.o [4]
  .text              ro code   0x800'20ba     0x4  low_level_init.o [2]
  .text              ro code   0x800'20be     0x4  exit.o [2]
  .text              ro code   0x800'20c4     0xa  cexit.o [4]
  .text              ro code   0x800'20d0    0x1c  cstartup_M.o [4]
  .text              ro code   0x800'20ec    0x16  xprout.o [2]
  .rodata            const     0x800'2104    0x10  main.o [1]
  .rodata            const     0x800'2114    0x10  main.o [1]
  .rodata            const     0x800'2124    0x10  main.o [1]
  .rodata            const     0x800'2134    0x10  main.o [1]
  .rodata            const     0x800'2144    0x10  main.o [1]
  .rodata            const     0x800'2154    0x10  main.o [1]
  .rodata            const     0x800'2164     0xc  main.o [1]
  .rodata            const     0x800'2170     0x0  zero_init3.o [4]
  .rodata            const     0x800'2170     0x0  copy_init3.o [4]
  Initializer bytes  const     0x800'2170    0x10  <for P3 s0>
                             - 0x800'2180  0x2140

"P3", part 1 of 3:                           0x10
  P3 s0                       0x2000'0000    0x10  <Init block>
    .data            inited   0x2000'0000     0x8  rand.o [2]
    .data            inited   0x2000'0008     0x8  XShttio.o [2]
                            - 0x2000'0010    0x10

"P3", part 2 of 3:                           0x88
  .bss               zero     0x2000'0010    0x84  rand.o [2]
  .bss               zero     0x2000'0094     0x4  xfail_s.o [2]
                            - 0x2000'0098    0x88

"P3", part 3 of 3:                          0x800
  CSTACK                      0x2000'0098   0x800  <Block>
    CSTACK           uninit   0x2000'0098   0x800  <Block tail>
                            - 0x2000'0898   0x800

Unused ranges:

         From           To      Size
         ----           --      ----
   0x800'2180   0x801'ffff  0x1'de80
  0x2000'0898  0x2000'3fff    0x3768
  0x2000'4000  0x2000'57ff    0x1800


*******************************************************************************
*** INIT TABLE
***

          Address      Size
          -------      ----
Zero (__iar_zero_init3)
    1 destination range, total size 0x88:
          0x2000'0010  0x88

Copy (__iar_copy_init3)
    1 source range, total size 0x10:
           0x800'2170  0x10
    1 destination range, total size 0x10:
          0x2000'0000  0x10



*******************************************************************************
*** MODULE SUMMARY
***

    Module                 ro code  ro data  rw data
    ------                 -------  -------  -------
command line/config:
    ------------------------------------------------
    Total:

C:\Users\Lenovo\Desktop\HEILBRONN\TECHNISCHE INFORMATIK\JOC!!!!!!!!!\Debug\Obj: [1]
    main.o                     528      156
    ------------------------------------------------
    Total:                     528      156

dl7M_tln.a: [2]
    XShttio.o                    8        8        8
    abort.o                      6
    exit.o                       4
    low_level_init.o             4
    printf.o                    40
    putchar.o                   32
    rand.o                     164        8      140
    time_trampoline.o            4
    xfail_s.o                   64                 4
    xprintffull_nomb.o       3'758
    xprout.o                    22
    ------------------------------------------------
    Total:                   4'106       16      152

m7M_tls.a: [3]
    DblAddSub.o                590
    DblCmpGe.o                  52
    DblCmpLe.o                  52
    DblDiv.o                   582
    DblMul.o                   426
    DblToS32.o                  54
    DblToU32.o                  34
    S32ToDbl.o                  34
    U32ToDbl.o                  28
    fpinit_M.o                  34
    frexp.o                    112
    ldexp.o                    314
    ------------------------------------------------
    Total:                   2'312

rt7M_tl.a: [4]
    ABImemcpy_unaligned.o      118
    I64DivMod.o                560
    I64DivZer.o                  2
    cexit.o                     10
    cmain.o                     30
    copy_init3.o                42
    cstartup_M.o                28
    data_init.o                 40
    memchr.o                    88
    strchr.o                    22
    strlen.o                    54
    vector_table_M.o            64
    vectortrap_M.o               2
    zero_init3.o                56
    ------------------------------------------------
    Total:                   1'116

shb_l.a: [5]
    dwrite.o                    30
    exit.o                      20
    iarttio.o                  124
    iarwrite.o                  34
    iarwstd.o                   32
    time64.o                    20
    write.o                     16
    ------------------------------------------------
    Total:                     276

    Gaps                        28        2
    Linker created                       36    2'048
----------------------------------------------------
    Grand Total:             8'366      210    2'200


*******************************************************************************
*** ENTRY LIST
***

Entry                       Address   Size  Type      Object
-----                       -------   ----  ----      ------
.iar.init_table$$Base    0x800'2008          --   Gb  - Linker created -
.iar.init_table$$Limit   0x800'202c          --   Gb  - Linker created -
?main                    0x800'209d         Code  Gb  cmain.o [4]
BusFault_Handler         0x800'0f2f         Code  Wk  vectortrap_M.o [4]
CSTACK$$Base            0x2000'0098          --   Gb  - Linker created -
CSTACK$$Limit           0x2000'0898          --   Gb  - Linker created -
DebugMon_Handler         0x800'0f2f         Code  Wk  vectortrap_M.o [4]
HardFault_Handler        0x800'0f2f         Code  Wk  vectortrap_M.o [4]
MemManage_Handler        0x800'0f2f         Code  Wk  vectortrap_M.o [4]
NMI_Handler              0x800'0f2f         Code  Wk  vectortrap_M.o [4]
PendSV_Handler           0x800'0f2f         Code  Wk  vectortrap_M.o [4]
Region$$Table$$Base      0x800'2008          --   Gb  - Linker created -
Region$$Table$$Limit     0x800'202c          --   Gb  - Linker created -
SVC_Handler              0x800'0f2f         Code  Wk  vectortrap_M.o [4]
SysTick_Handler          0x800'0f2f         Code  Wk  vectortrap_M.o [4]
UsageFault_Handler       0x800'0f2f         Code  Wk  vectortrap_M.o [4]
_LC                      0x800'0041    0x6  Code  Lc  xprintffull_nomb.o [2]
_LitobFullNoMb           0x800'0d0d  0x114  Code  Lc  xprintffull_nomb.o [2]
_PrintfFullNoMb          0x800'0047  0xc98  Code  Gb  xprintffull_nomb.o [2]
_Prout                   0x800'20ed   0x16  Code  Gb  xprout.o [2]
_PutcharsFullNoMb        0x800'0e79   0x2e  Code  Lc  xprintffull_nomb.o [2]
_Rand_idx               0x2000'0090    0x4  Data  Lc  rand.o [2]
_Rand_rv                0x2000'0010   0x80  Data  Lc  rand.o [2]
_Randinit               0x2000'0000    0x1  Data  Gb  rand.o [2]
_Randseed               0x2000'0004    0x4  Data  Gb  rand.o [2]
__aeabi_cdcmple          0x800'10e9         Code  Gb  DblCmpLe.o [3]
__aeabi_cdrcmple         0x800'111d         Code  Gb  DblCmpGe.o [3]
__aeabi_d2iz             0x800'128d         Code  Gb  DblToS32.o [3]
__aeabi_d2uiz            0x800'1781         Code  Gb  DblToU32.o [3]
__aeabi_ddiv             0x800'1539         Code  Gb  DblDiv.o [3]
__aeabi_dmul             0x800'17c1         Code  Gb  DblMul.o [3]
__aeabi_dsub             0x800'1455         Code  Gb  DblAddSub.o [3]
__aeabi_i2d              0x800'12c5         Code  Gb  S32ToDbl.o [3]
__aeabi_ldiv0            0x800'1ba5         Code  Gb  I64DivZer.o [4]
__aeabi_ui2d             0x800'17a5         Code  Gb  U32ToDbl.o [3]
__aeabi_uldivmod         0x800'196d         Code  Gb  I64DivMod.o [4]
__cmain                  0x800'209d         Code  Gb  cmain.o [4]
__dwrite                 0x800'205d   0x1e  Code  Gb  dwrite.o [5]
__exit                   0x800'1ba9   0x14  Code  Gb  exit.o [5]
__iar_Fail_s             0x800'0f31   0x1c  Code  Gb  xfail_s.o [2]
__iar_Memchr             0x800'0fa9         Code  Gb  memchr.o [4]
__iar_Strchr             0x800'0f19         Code  Gb  strchr.o [4]
__iar_close_ttio         0x800'1bbd   0x2c  Code  Gb  iarttio.o [5]
__iar_copy_init3         0x800'0eef   0x2a  Code  Gb  copy_init3.o [4]
__iar_data_init3         0x800'1f9d   0x28  Code  Gb  data_init.o [4]
__iar_frexp              0x800'1085         Code  Gb  frexp.o [3]
__iar_frexpl             0x800'1085         Code  Gb  frexp.o [3]
__iar_get_ttio           0x800'1be9   0x4c  Code  Gb  iarttio.o [5]
__iar_init_vfp           0x800'1fc5         Code  Gb  fpinit_M.o [3]
__iar_ldexp64            0x800'1151         Code  Gb  ldexp.o [3]
__iar_lookup_ttioh       0x800'1c39    0x8  Code  Gb  XShttio.o [2]
__iar_program_start      0x800'20d1         Code  Gb  cstartup_M.o [4]
__iar_scalbln64          0x800'1151         Code  Gb  ldexp.o [3]
__iar_scalbn64           0x800'1151         Code  Gb  ldexp.o [3]
__iar_sh_stdout          0x800'207b   0x20  Code  Gb  iarwstd.o [5]
__iar_sh_write           0x800'1fe7   0x22  Code  Gb  iarwrite.o [5]
__iar_softfp___iar_frexp64
                         0x800'1079         Code  Gb  frexp.o [3]
__iar_softfp_frexp       0x800'1079         Code  Gb  frexp.o [3]
__iar_softfp_frexpl      0x800'1079         Code  Gb  frexp.o [3]
__iar_ttio_handles      0x2000'0008    0x8  Data  Lc  XShttio.o [2]
__iar_unaligned_memcpy   0x800'1001         Code  Gb  ABImemcpy_unaligned.o [4]
__iar_unaligned_memcpy4
                         0x800'1021         Code  Gb  ABImemcpy_unaligned.o [4]
__iar_unaligned_memcpy8
                         0x800'1021         Code  Gb  ABImemcpy_unaligned.o [4]
__iar_zero_init3         0x800'1f35   0x38  Code  Gb  zero_init3.o [4]
__low_level_init         0x800'20bb    0x4  Code  Gb  low_level_init.o [2]
__time64                 0x800'1f21   0x14  Code  Gb  time64.o [5]
__vector_table           0x800'0000         Data  Gb  vector_table_M.o [4]
__write                  0x800'204d   0x10  Code  Gb  write.o [5]
_call_main               0x800'20a9         Code  Gb  cmain.o [4]
_exit                    0x800'20c5         Code  Gb  cexit.o [4]
abort                    0x800'1b9d    0x6  Code  Gb  abort.o [2]
delay                    0x800'1c4b   0x14  Code  Gb  main.o [1]
exit                     0x800'20bf    0x4  Code  Gb  exit.o [2]
ldexp                    0x800'1151         Code  Gb  ldexp.o [3]
ldexpl                   0x800'1151         Code  Gb  ldexp.o [3]
main                     0x800'1c41    0xa  Code  Gb  main.o [1]
memchr                   0x800'0fa9         Code  Gb  memchr.o [4]
play_game                0x800'1c5f  0x1c6  Code  Gb  main.o [1]
printf                   0x800'1ef9   0x28  Code  Gb  printf.o [2]
putchar                  0x800'202d   0x20  Code  Gb  putchar.o [2]
rand                     0x800'1e55   0x8a  Code  Gb  rand.o [2]
scalbln                  0x800'1151         Code  Gb  ldexp.o [3]
scalblnl                 0x800'1151         Code  Gb  ldexp.o [3]
scalbn                   0x800'1151         Code  Gb  ldexp.o [3]
scalbnl                  0x800'1151         Code  Gb  ldexp.o [3]
scale                    0x800'0e21   0x46  Code  Lc  xprintffull_nomb.o [2]
sec_hand                0x2000'0094    0x4  Data  Lc  xfail_s.o [2]
srand                    0x800'1edf    0xa  Code  Gb  rand.o [2]
strchr                   0x800'0f19         Code  Gb  strchr.o [4]
strlen                   0x800'0f71         Code  Gb  strlen.o [4]
time                     0x800'1e51    0x4  Code  Gb  time_trampoline.o [2]


[1] = C:\Users\Lenovo\Desktop\HEILBRONN\TECHNISCHE INFORMATIK\JOC!!!!!!!!!\Debug\Obj
[2] = dl7M_tln.a
[3] = m7M_tls.a
[4] = rt7M_tl.a
[5] = shb_l.a

  8'366 bytes of readonly  code memory
    210 bytes of readonly  data memory
  2'200 bytes of readwrite data memory

Errors: none
Warnings: none
